// File: T02_function.cpp
#include <T02.function.hpp> // A
#include <T02.function.hpp> // foo
#include <T02.function.hpp> // foo_cr
#include <T02.function.hpp> // foo_cr2
#include <T02.function.hpp> // foo_p
#include <T02.function.hpp> // foo_r
#include <memory> // std::shared_ptr
#include <memory> // std::shared_ptr<A>::operator=
#include <memory> // std::shared_ptr<A>::shared_ptr
#include <sstream> // __str__
#include <utility> // std::pair

#include <pybind11/pybind11.h>

#ifndef BINDER_PYBIND11_TYPE_CASTER
	#define BINDER_PYBIND11_TYPE_CASTER
	PYBIND11_DECLARE_HOLDER_TYPE(T, std::shared_ptr<T>);
	PYBIND11_DECLARE_HOLDER_TYPE(T, T*);
#endif

void bind_T02_function(std::function< pybind11::module &(std::string const &namespace_) > &M)
{
	{ // A file:T02.function.hpp line:18
		pybind11::class_<A, std::shared_ptr<A>> cl(M(""), "A", "");
		pybind11::handle cl_type = cl;

		cl.def(pybind11::init<>());
	}
	// foo(bool) file:T02.function.hpp line:20
	M("").def("foo", (void (*)(bool)) &foo, "C++: foo(bool) --> void", pybind11::arg(""));

	// foo(int) file:T02.function.hpp line:21
	M("").def("foo", (void (*)(int)) &foo, "C++: foo(int) --> void", pybind11::arg(""));

	// foo(long) file:T02.function.hpp line:22
	M("").def("foo", (void (*)(long)) &foo, "C++: foo(long) --> void", pybind11::arg(""));

	// foo(float) file:T02.function.hpp line:23
	M("").def("foo", (void (*)(float)) &foo, "C++: foo(float) --> void", pybind11::arg(""));

	// foo(double) file:T02.function.hpp line:24
	M("").def("foo", (void (*)(double)) &foo, "C++: foo(double) --> void", pybind11::arg(""));

	// foo(class A) file:T02.function.hpp line:25
	M("").def("foo", (void (*)(class A)) &foo, "C++: foo(class A) --> void", pybind11::arg(""));

	// foo(class std::shared_ptr<class A>) file:T02.function.hpp line:26
	M("").def("foo", (void (*)(class std::shared_ptr<class A>)) &foo, "C++: foo(class std::shared_ptr<class A>) --> void", pybind11::arg(""));

	// foo_r(bool &) file:T02.function.hpp line:28
	M("").def("foo_r", (void (*)(bool &)) &foo_r, "C++: foo_r(bool &) --> void", pybind11::arg(""));

	// foo_r(int &) file:T02.function.hpp line:29
	M("").def("foo_r", (void (*)(int &)) &foo_r, "C++: foo_r(int &) --> void", pybind11::arg(""));

	// foo_r(long &) file:T02.function.hpp line:30
	M("").def("foo_r", (void (*)(long &)) &foo_r, "C++: foo_r(long &) --> void", pybind11::arg(""));

	// foo_r(float &) file:T02.function.hpp line:31
	M("").def("foo_r", (void (*)(float &)) &foo_r, "C++: foo_r(float &) --> void", pybind11::arg(""));

	// foo_r(double &) file:T02.function.hpp line:32
	M("").def("foo_r", (void (*)(double &)) &foo_r, "C++: foo_r(double &) --> void", pybind11::arg(""));

	// foo_r(class A &) file:T02.function.hpp line:33
	M("").def("foo_r", (void (*)(class A &)) &foo_r, "C++: foo_r(class A &) --> void", pybind11::arg(""));

	// foo_r(class std::shared_ptr<class A> &) file:T02.function.hpp line:34
	M("").def("foo_r", (void (*)(class std::shared_ptr<class A> &)) &foo_r, "C++: foo_r(class std::shared_ptr<class A> &) --> void", pybind11::arg(""));

	// foo_cr(const bool &) file:T02.function.hpp line:37
	M("").def("foo_cr", (void (*)(const bool &)) &foo_cr, "C++: foo_cr(const bool &) --> void", pybind11::arg(""));

	// foo_cr(const int &) file:T02.function.hpp line:38
	M("").def("foo_cr", (void (*)(const int &)) &foo_cr, "C++: foo_cr(const int &) --> void", pybind11::arg(""));

	// foo_cr(const long &) file:T02.function.hpp line:39
	M("").def("foo_cr", (void (*)(const long &)) &foo_cr, "C++: foo_cr(const long &) --> void", pybind11::arg(""));

	// foo_cr(const float &) file:T02.function.hpp line:40
	M("").def("foo_cr", (void (*)(const float &)) &foo_cr, "C++: foo_cr(const float &) --> void", pybind11::arg(""));

	// foo_cr(const double &) file:T02.function.hpp line:41
	M("").def("foo_cr", (void (*)(const double &)) &foo_cr, "C++: foo_cr(const double &) --> void", pybind11::arg(""));

	// foo_cr(const class A &) file:T02.function.hpp line:42
	M("").def("foo_cr", (void (*)(const class A &)) &foo_cr, "C++: foo_cr(const class A &) --> void", pybind11::arg(""));

	// foo_cr(const class std::shared_ptr<class A> &) file:T02.function.hpp line:43
	M("").def("foo_cr", (void (*)(const class std::shared_ptr<class A> &)) &foo_cr, "C++: foo_cr(const class std::shared_ptr<class A> &) --> void", pybind11::arg(""));

	// foo_cr2(const class std::shared_ptr<const class A> &) file:T02.function.hpp line:44
	M("").def("foo_cr2", (void (*)(const class std::shared_ptr<const class A> &)) &foo_cr2, "C++: foo_cr2(const class std::shared_ptr<const class A> &) --> void", pybind11::arg(""));

	// foo_cr(const struct std::pair<int, int> &) file:T02.function.hpp line:45
	M("").def("foo_cr", (void (*)(const struct std::pair<int, int> &)) &foo_cr, "C++: foo_cr(const struct std::pair<int, int> &) --> void", pybind11::arg(""));

	// foo_p(bool *) file:T02.function.hpp line:47
	M("").def("foo_p", (void (*)(bool *)) &foo_p, "C++: foo_p(bool *) --> void", pybind11::arg(""));

	// foo_p(int *) file:T02.function.hpp line:48
	M("").def("foo_p", (void (*)(int *)) &foo_p, "C++: foo_p(int *) --> void", pybind11::arg(""));

	// foo_p(long *) file:T02.function.hpp line:49
	M("").def("foo_p", (void (*)(long *)) &foo_p, "C++: foo_p(long *) --> void", pybind11::arg(""));

	// foo_p(float *) file:T02.function.hpp line:50
	M("").def("foo_p", (void (*)(float *)) &foo_p, "C++: foo_p(float *) --> void", pybind11::arg(""));

	// foo_p(double *) file:T02.function.hpp line:51
	M("").def("foo_p", (void (*)(double *)) &foo_p, "C++: foo_p(double *) --> void", pybind11::arg(""));

	// foo_p(class A *) file:T02.function.hpp line:52
	M("").def("foo_p", (void (*)(class A *)) &foo_p, "C++: foo_p(class A *) --> void", pybind11::arg(""));

	// foo_p(class std::shared_ptr<class A> *) file:T02.function.hpp line:53
	M("").def("foo_p", (void (*)(class std::shared_ptr<class A> *)) &foo_p, "C++: foo_p(class std::shared_ptr<class A> *) --> void", pybind11::arg(""));

}


#include <map>
#include <memory>
#include <stdexcept>
#include <functional>

#include <pybind11/pybind11.h>

typedef std::function< pybind11::module & (std::string const &) > ModuleGetter;

void bind_T02_function(std::function< pybind11::module &(std::string const &namespace_) > &M);


PYBIND11_PLUGIN(T02_function) {
	std::map <std::string, std::shared_ptr<pybind11::module> > modules;
	ModuleGetter M = [&](std::string const &namespace_) -> pybind11::module & {
		auto it = modules.find(namespace_);
		if( it == modules.end() ) throw std::runtime_error("Attempt to access pybind11::module for namespace " + namespace_ + " before it was created!!!");
		return * it->second;
	};

	modules[""] = std::make_shared<pybind11::module>("T02_function", "T02_function module");

	std::vector< std::pair<std::string, std::string> > sub_modules {
	};
	for(auto &p : sub_modules ) modules[p.first.size() ? p.first+"::"+p.second : p.second] = std::make_shared<pybind11::module>( modules[p.first]->def_submodule(p.second.c_str(), ("Bindings for " + p.first + "::" + p.second + " namespace").c_str() ) );

	bind_T02_function(M);

	return modules[""]->ptr();
}

// Source list file: TEST/T02_function.sources
// T02_function.cpp
// T02_function.cpp

// Modules list file: TEST/T02_function.modules
// 
