// File: T09_overload.cpp
#include <T09.overload.hpp> // A1
#include <T09.overload.hpp> // A1::A1
#include <T09.overload.hpp> // A2
#include <T09.overload.hpp> // A2::A2
#include <T09.overload.hpp> // A2::f
#include <T09.overload.hpp> // A2::operator=
#include <T09.overload.hpp> // A3
#include <T09.overload.hpp> // A3::A3
#include <T09.overload.hpp> // A3::f
#include <T09.overload.hpp> // A3::operator=
#include <T09.overload.hpp> // A4
#include <T09.overload.hpp> // A4::A4
#include <T09.overload.hpp> // A4::operator=
#include <sstream> // __str__

#include <pybind11/pybind11.h>

#ifndef BINDER_PYBIND11_TYPE_CASTER
	#define BINDER_PYBIND11_TYPE_CASTER
	PYBIND11_DECLARE_HOLDER_TYPE(T, std::shared_ptr<T>);
	PYBIND11_DECLARE_HOLDER_TYPE(T, T*);
#endif

// A2 file:T09.overload.hpp line:21
struct PyCallBack_A2 : public A2 {
	using A2::A2;

	void f() override { 
		pybind11::gil_scoped_acquire gil;
		pybind11::function overload = pybind11::get_overload(static_cast<const A2 *>(this), "f");
		if (overload) {
			auto o = overload.operator()<pybind11::return_value_policy::reference>();
			if (pybind11::detail::cast_is_temporary_value_reference<void>::value) {
				static pybind11::detail::overload_caster_t<void> caster;
				return pybind11::detail::cast_ref<void>(std::move(o), caster);
			}
			else return pybind11::detail::cast_safe<void>(std::move(o));
		}
		return A2::f();
	}
};

// A3 file:T09.overload.hpp line:28
struct PyCallBack_A3 : public A3 {
	using A3::A3;

	void f() override { 
		pybind11::gil_scoped_acquire gil;
		pybind11::function overload = pybind11::get_overload(static_cast<const A3 *>(this), "f");
		if (overload) {
			auto o = overload.operator()<pybind11::return_value_policy::reference>();
			if (pybind11::detail::cast_is_temporary_value_reference<void>::value) {
				static pybind11::detail::overload_caster_t<void> caster;
				return pybind11::detail::cast_ref<void>(std::move(o), caster);
			}
			else return pybind11::detail::cast_safe<void>(std::move(o));
		}
		pybind11::pybind11_fail("Tried to call pure virtual function \"A3::f\"");
	}
};

// A4 file:T09.overload.hpp line:34
struct PyCallBack_A4 : public A4 {
	using A4::A4;

	int operator=(int a0) override { 
		pybind11::gil_scoped_acquire gil;
		pybind11::function overload = pybind11::get_overload(static_cast<const A4 *>(this), "assign");
		if (overload) {
			auto o = overload.operator()<pybind11::return_value_policy::reference>(a0);
			if (pybind11::detail::cast_is_temporary_value_reference<int>::value) {
				static pybind11::detail::overload_caster_t<int> caster;
				return pybind11::detail::cast_ref<int>(std::move(o), caster);
			}
			else return pybind11::detail::cast_safe<int>(std::move(o));
		}
		pybind11::pybind11_fail("Tried to call pure virtual function \"A4::assign\"");
	}
};

void bind_T09_overload(std::function< pybind11::module &(std::string const &namespace_) > &M)
{
	{ // A1 file:T09.overload.hpp line:16
		pybind11::class_<A1, std::shared_ptr<A1>> cl(M(""), "A1", "");
		pybind11::handle cl_type = cl;

		cl.def("__init__", [](A1 *self_) { new (self_) A1(); }, "doc");
		cl.def(pybind11::init<int>(), pybind11::arg("a"));

	}
	{ // A2 file:T09.overload.hpp line:21
		pybind11::class_<A2, std::shared_ptr<A2>, PyCallBack_A2> cl(M(""), "A2", "");
		pybind11::handle cl_type = cl;

		cl.def("__init__", [cl_type](pybind11::handle self_) { if (self_.get_type() == cl_type) new (self_.cast<A2 *>()) A2(); else new (self_.cast<PyCallBack_A2 *>()) PyCallBack_A2(); }, "doc");
		cl.def(pybind11::init<int>(), pybind11::arg("a"));

		cl.def("f", (void (A2::*)()) &A2::f, "C++: A2::f() --> void");
		cl.def("assign", (struct A2 & (A2::*)(const struct A2 &)) &A2::operator=, "C++: A2::operator=(const struct A2 &) --> struct A2 &", pybind11::return_value_policy::automatic, pybind11::arg(""));
	}
	{ // A3 file:T09.overload.hpp line:28
		pybind11::class_<A3, std::shared_ptr<A3>, PyCallBack_A3> cl(M(""), "A3", "");
		pybind11::handle cl_type = cl;

		cl.def("__init__", [](PyCallBack_A3 *self_) { new (self_) PyCallBack_A3(); }, "doc");
		cl.def(pybind11::init<int>(), pybind11::arg("a"));

		cl.def("f", (void (A3::*)()) &A3::f, "C++: A3::f() --> void");
		cl.def("assign", (struct A3 & (A3::*)(const struct A3 &)) &A3::operator=, "C++: A3::operator=(const struct A3 &) --> struct A3 &", pybind11::return_value_policy::automatic, pybind11::arg(""));
	}
	{ // A4 file:T09.overload.hpp line:34
		pybind11::class_<A4, std::shared_ptr<A4>, PyCallBack_A4> cl(M(""), "A4", "");
		pybind11::handle cl_type = cl;

		cl.def("__init__", [](PyCallBack_A4 *self_) { new (self_) PyCallBack_A4(); }, "doc");
		cl.def(pybind11::init<int>(), pybind11::arg("a"));

		cl.def("assign", (int (A4::*)(int)) &A4::operator=, "C++: A4::operator=(int) --> int", pybind11::arg(""));
		cl.def("assign", (struct A4 & (A4::*)(const struct A4 &)) &A4::operator=, "C++: A4::operator=(const struct A4 &) --> struct A4 &", pybind11::return_value_policy::automatic, pybind11::arg(""));
	}
}


#include <map>
#include <memory>
#include <stdexcept>
#include <functional>

#include <pybind11/pybind11.h>

typedef std::function< pybind11::module & (std::string const &) > ModuleGetter;

void bind_T09_overload(std::function< pybind11::module &(std::string const &namespace_) > &M);


PYBIND11_PLUGIN(T09_overload) {
	std::map <std::string, std::shared_ptr<pybind11::module> > modules;
	ModuleGetter M = [&](std::string const &namespace_) -> pybind11::module & {
		auto it = modules.find(namespace_);
		if( it == modules.end() ) throw std::runtime_error("Attempt to access pybind11::module for namespace " + namespace_ + " before it was created!!!");
		return * it->second;
	};

	modules[""] = std::make_shared<pybind11::module>("T09_overload", "T09_overload module");

	std::vector< std::pair<std::string, std::string> > sub_modules {
	};
	for(auto &p : sub_modules ) modules[p.first.size() ? p.first+"::"+p.second : p.second] = std::make_shared<pybind11::module>( modules[p.first]->def_submodule(p.second.c_str(), ("Bindings for " + p.first + "::" + p.second + " namespace").c_str() ) );

	bind_T09_overload(M);

	return modules[""]->ptr();
}

// Source list file: TEST/T09_overload.sources
// T09_overload.cpp
// T09_overload.cpp

// Modules list file: TEST/T09_overload.modules
// 
