// File: T42_stl_names_variant.cpp
#include <T42.stl.names.variant.hpp> // foo
#include <variant> // std::variant

#include <pybind11/pybind11.h>
#include <functional>
#include <string>

#ifndef BINDER_PYBIND11_TYPE_CASTER
	#define BINDER_PYBIND11_TYPE_CASTER
	PYBIND11_DECLARE_HOLDER_TYPE(T, std::shared_ptr<T>)
	PYBIND11_DECLARE_HOLDER_TYPE(T, T*)
	PYBIND11_MAKE_OPAQUE(std::shared_ptr<void>)
#endif

void bind_T42_stl_names_variant(std::function< pybind11::module &(std::string const &namespace_) > &M)
{
	// foo(class std::variant<float>) file:T42.stl.names.variant.hpp line:20
	M("").def("foo", (void (*)(class std::variant<float>)) &foo, "C++: foo(class std::variant<float>) --> void", pybind11::arg(""));

	// foo(class std::variant<struct std::monostate, int, std::string >) file:T42.stl.names.variant.hpp line:22
	M("").def("foo", (void (*)(class std::variant<struct std::monostate, int, std::string >)) &foo, "C++: foo(class std::variant<struct std::monostate, int, std::string >) --> void", pybind11::arg(""));

	// foo(class std::variant<class std::vector<int, class std::allocator<int> > >) file:T42.stl.names.variant.hpp line:24
	M("").def("foo", (void (*)(class std::variant<class std::vector<int, class std::allocator<int> > >)) &foo, "C++: foo(class std::variant<class std::vector<int, class std::allocator<int> > >) --> void", pybind11::arg(""));

}


#include <map>
#include <memory>
#include <stdexcept>
#include <functional>
#include <string>

#include <pybind11/pybind11.h>

typedef std::function< pybind11::module & (std::string const &) > ModuleGetter;

void bind_T42_stl_names_variant(std::function< pybind11::module &(std::string const &namespace_) > &M);


PYBIND11_MODULE(T42_stl_names_variant, root_module) {
	root_module.doc() = "T42_stl_names_variant module";

	std::map <std::string, pybind11::module> modules;
	ModuleGetter M = [&](std::string const &namespace_) -> pybind11::module & {
		auto it = modules.find(namespace_);
		if( it == modules.end() ) throw std::runtime_error("Attempt to access pybind11::module for namespace " + namespace_ + " before it was created!!!");
		return it->second;
	};

	modules[""] = root_module;

	std::vector< std::pair<std::string, std::string> > sub_modules {
	};
	for(auto &p : sub_modules ) modules[p.first.size() ? p.first+"::"+p.second : p.second] = modules[p.first].def_submodule(p.second.c_str(), ("Bindings for " + p.first + "::" + p.second + " namespace").c_str() );

	//pybind11::class_<std::shared_ptr<void>>(M(""), "_encapsulated_data_");

	bind_T42_stl_names_variant(M);

}

// Source list file: /home/ghottiger/git/binder-1.2.0/build/test//T42_stl_names_variant.sources
// T42_stl_names_variant.cpp
// T42_stl_names_variant.cpp

// Modules list file: /home/ghottiger/git/binder-1.2.0/build/test//T42_stl_names_variant.modules
// 
